info: Microsoft.AspNetCore.DataProtection.KeyManagement.XmlKeyManager[63]
      User profile is available. Using 'C:\Users\Gaming\AppData\Local\ASP.NET\DataProtection-Keys' as key repository and Windows DPAPI to encrypt keys at rest.
info: Microsoft.Hosting.Lifetime[14]
      Now listening on: http://127.0.0.1:5127
info: Microsoft.Hosting.Lifetime[0]
      Application started. Press Ctrl+C to shut down.
info: Microsoft.Hosting.Lifetime[0]
      Hosting environment: Development
info: Microsoft.Hosting.Lifetime[0]
      Content root path: C:\Users\Gaming\Documents\GitHub\PizzaSatinAlmaYonetimi\SourceCode\PizzaSatinAlmaYonetimi.Web
info: Microsoft.AspNetCore.Hosting.Diagnostics[1]
      Request starting HTTP/1.1 GET http://127.0.0.1:5127/Giris - - -
warn: Microsoft.AspNetCore.HttpsPolicy.HttpsRedirectionMiddleware[3]
      Failed to determine the https port for redirect.
info: Microsoft.AspNetCore.Routing.EndpointMiddleware[0]
      Executing endpoint 'PizzaSatinAlmaYonetimi.Web.Controllers.GirisController.Index (PizzaSatinAlmaYonetimi.Web)'
info: Microsoft.AspNetCore.Mvc.Infrastructure.ControllerActionInvoker[102]
      Route matched with {action = "Index", controller = "Giris"}. Executing controller action with signature Microsoft.AspNetCore.Mvc.IActionResult Index() on controller PizzaSatinAlmaYonetimi.Web.Controllers.GirisController (PizzaSatinAlmaYonetimi.Web).
info: Microsoft.AspNetCore.Mvc.ViewFeatures.ViewResultExecutor[1]
      Executing ViewResult, running view Index.
info: Microsoft.AspNetCore.Mvc.ViewFeatures.ViewResultExecutor[4]
      Executed ViewResult - view Index executed in 40.7971ms.
info: Microsoft.AspNetCore.Mvc.Infrastructure.ControllerActionInvoker[105]
      Executed action PizzaSatinAlmaYonetimi.Web.Controllers.GirisController.Index (PizzaSatinAlmaYonetimi.Web) in 48.4489ms
info: Microsoft.AspNetCore.Routing.EndpointMiddleware[1]
      Executed endpoint 'PizzaSatinAlmaYonetimi.Web.Controllers.GirisController.Index (PizzaSatinAlmaYonetimi.Web)'
info: Microsoft.AspNetCore.Hosting.Diagnostics[2]
      Request finished HTTP/1.1 GET http://127.0.0.1:5127/Giris - 200 - text/html;+charset=utf-8 79.6236ms
info: Microsoft.AspNetCore.Hosting.Diagnostics[1]
      Request starting HTTP/1.1 POST http://127.0.0.1:5127/Giris - application/x-www-form-urlencoded 220
info: Microsoft.AspNetCore.Routing.EndpointMiddleware[0]
      Executing endpoint 'PizzaSatinAlmaYonetimi.Web.Controllers.GirisController.Index (PizzaSatinAlmaYonetimi.Web)'
info: Microsoft.AspNetCore.Mvc.Infrastructure.ControllerActionInvoker[102]
      Route matched with {action = "Index", controller = "Giris"}. Executing controller action with signature System.Threading.Tasks.Task`1[Microsoft.AspNetCore.Mvc.IActionResult] Index(PizzaSatinAlmaYonetimi.Web.Models.GirisViewModel, System.Threading.CancellationToken) on controller PizzaSatinAlmaYonetimi.Web.Controllers.GirisController (PizzaSatinAlmaYonetimi.Web).
info: Microsoft.AspNetCore.Authentication.Cookies.CookieAuthenticationHandler[10]
      AuthenticationScheme: Cookies signed in.
info: Microsoft.AspNetCore.Mvc.RedirectToActionResult[1]
      Executing RedirectResult, redirecting to /Dashboard.
info: Microsoft.AspNetCore.Mvc.Infrastructure.ControllerActionInvoker[105]
      Executed action PizzaSatinAlmaYonetimi.Web.Controllers.GirisController.Index (PizzaSatinAlmaYonetimi.Web) in 221.2737ms
info: Microsoft.AspNetCore.Routing.EndpointMiddleware[1]
      Executed endpoint 'PizzaSatinAlmaYonetimi.Web.Controllers.GirisController.Index (PizzaSatinAlmaYonetimi.Web)'
info: Microsoft.AspNetCore.Hosting.Diagnostics[2]
      Request finished HTTP/1.1 POST http://127.0.0.1:5127/Giris - 302 0 - 229.4023ms
info: Microsoft.AspNetCore.Hosting.Diagnostics[1]
      Request starting HTTP/1.1 GET http://127.0.0.1:5127/Dashboard - application/x-www-form-urlencoded -
info: Microsoft.AspNetCore.Routing.EndpointMiddleware[0]
      Executing endpoint 'PizzaSatinAlmaYonetimi.Web.Controllers.DashboardController.Index (PizzaSatinAlmaYonetimi.Web)'
info: Microsoft.AspNetCore.Mvc.Infrastructure.ControllerActionInvoker[102]
      Route matched with {action = "Index", controller = "Dashboard"}. Executing controller action with signature System.Threading.Tasks.Task`1[Microsoft.AspNetCore.Mvc.IActionResult] Index(System.Threading.CancellationToken) on controller PizzaSatinAlmaYonetimi.Web.Controllers.DashboardController (PizzaSatinAlmaYonetimi.Web).
info: Microsoft.AspNetCore.Mvc.ViewFeatures.ViewResultExecutor[1]
      Executing ViewResult, running view Index.
info: Microsoft.AspNetCore.Mvc.ViewFeatures.ViewResultExecutor[4]
      Executed ViewResult - view Index executed in 18.8706ms.
info: Microsoft.AspNetCore.Mvc.Infrastructure.ControllerActionInvoker[105]
      Executed action PizzaSatinAlmaYonetimi.Web.Controllers.DashboardController.Index (PizzaSatinAlmaYonetimi.Web) in 50.2177ms
info: Microsoft.AspNetCore.Routing.EndpointMiddleware[1]
      Executed endpoint 'PizzaSatinAlmaYonetimi.Web.Controllers.DashboardController.Index (PizzaSatinAlmaYonetimi.Web)'
info: Microsoft.AspNetCore.Hosting.Diagnostics[2]
      Request finished HTTP/1.1 GET http://127.0.0.1:5127/Dashboard - 200 - text/html;+charset=utf-8 55.3904ms
info: Microsoft.AspNetCore.Hosting.Diagnostics[1]
      Request starting HTTP/1.1 GET http://127.0.0.1:5127/SatinAlmaTalepleri?panel=incele&inceleNo=ST0020 - - -
info: Microsoft.AspNetCore.Routing.EndpointMiddleware[0]
      Executing endpoint 'PizzaSatinAlmaYonetimi.Web.Controllers.SatinAlmaTalepleriController.Index (PizzaSatinAlmaYonetimi.Web)'
info: Microsoft.AspNetCore.Mvc.Infrastructure.ControllerActionInvoker[102]
      Route matched with {action = "Index", controller = "SatinAlmaTalepleri"}. Executing controller action with signature System.Threading.Tasks.Task`1[Microsoft.AspNetCore.Mvc.IActionResult] Index(PizzaSatinAlmaYonetimi.Web.Models.TalepFiltreModel, System.String, System.String, System.String, System.Threading.CancellationToken) on controller PizzaSatinAlmaYonetimi.Web.Controllers.SatinAlmaTalepleriController (PizzaSatinAlmaYonetimi.Web).
info: Microsoft.AspNetCore.Mvc.ViewFeatures.ViewResultExecutor[1]
      Executing ViewResult, running view Index.
info: Microsoft.AspNetCore.Mvc.ViewFeatures.ViewResultExecutor[4]
      Executed ViewResult - view Index executed in 21.8014ms.
info: Microsoft.AspNetCore.Mvc.Infrastructure.ControllerActionInvoker[105]
      Executed action PizzaSatinAlmaYonetimi.Web.Controllers.SatinAlmaTalepleriController.Index (PizzaSatinAlmaYonetimi.Web) in 39.7818ms
info: Microsoft.AspNetCore.Routing.EndpointMiddleware[1]
      Executed endpoint 'PizzaSatinAlmaYonetimi.Web.Controllers.SatinAlmaTalepleriController.Index (PizzaSatinAlmaYonetimi.Web)'
info: Microsoft.AspNetCore.Hosting.Diagnostics[2]
      Request finished HTTP/1.1 GET http://127.0.0.1:5127/SatinAlmaTalepleri?panel=incele&inceleNo=ST0020 - 200 - text/html;+charset=utf-8 43.8370ms
info: Microsoft.AspNetCore.Hosting.Diagnostics[1]
      Request starting HTTP/1.1 POST http://127.0.0.1:5127/SatinAlmaTalepleri/Incele - application/x-www-form-urlencoded 309
info: Microsoft.AspNetCore.Routing.EndpointMiddleware[0]
      Executing endpoint 'PizzaSatinAlmaYonetimi.Web.Controllers.SatinAlmaTalepleriController.Incele (PizzaSatinAlmaYonetimi.Web)'
info: Microsoft.AspNetCore.Mvc.Infrastructure.ControllerActionInvoker[102]
      Route matched with {action = "Incele", controller = "SatinAlmaTalepleri"}. Executing controller action with signature System.Threading.Tasks.Task`1[Microsoft.AspNetCore.Mvc.IActionResult] Incele(PizzaSatinAlmaYonetimi.Web.Models.TalepIncelemeModel, System.Threading.CancellationToken) on controller PizzaSatinAlmaYonetimi.Web.Controllers.SatinAlmaTalepleriController (PizzaSatinAlmaYonetimi.Web).
fail: PizzaSatinAlmaYonetimi.Web.Controllers.SatinAlmaTalepleriController[0]
      Talep incelenemedi.
      Microsoft.Data.SqlClient.SqlException (0x80131904): Could not find stored procedure 'dbo.sp_TalepIncele'.
         at Microsoft.Data.SqlClient.SqlConnection.OnError(SqlException exception, Boolean breakConnection, Action`1 wrapCloseInAction)
         at Microsoft.Data.SqlClient.SqlInternalConnection.OnError(SqlException exception, Boolean breakConnection, Action`1 wrapCloseInAction)
         at Microsoft.Data.SqlClient.TdsParser.ThrowExceptionAndWarning(TdsParserStateObject stateObj, SqlCommand command, Boolean callerHasConnectionLock, Boolean asyncClose)
         at Microsoft.Data.SqlClient.TdsParser.TryRun(RunBehavior runBehavior, SqlCommand cmdHandler, SqlDataReader dataStream, BulkCopySimpleResultSet bulkCopyHandler, TdsParserStateObject stateObj, Boolean& dataReady)
         at Microsoft.Data.SqlClient.SqlCommand.FinishExecuteReader(SqlDataReader ds, RunBehavior runBehavior, String resetOptionsString, Boolean isInternal, Boolean forDescribeParameterEncryption, Boolean shouldCacheForAlwaysEncrypted)
         at Microsoft.Data.SqlClient.SqlCommand.CompleteAsyncExecuteReader(Boolean isInternal, Boolean forDescribeParameterEncryption)
         at Microsoft.Data.SqlClient.SqlCommand.InternalEndExecuteNonQuery(IAsyncResult asyncResult, Boolean isInternal, String endMethod)
         at Microsoft.Data.SqlClient.SqlCommand.EndExecuteNonQueryInternal(IAsyncResult asyncResult)
         at Microsoft.Data.SqlClient.SqlCommand.EndExecuteNonQueryAsync(IAsyncResult asyncResult)
         at Microsoft.Data.SqlClient.SqlCommand.<>c.<InternalExecuteNonQueryAsync>b__193_1(IAsyncResult asyncResult)
         at System.Threading.Tasks.TaskFactory`1.FromAsyncCoreLogic(IAsyncResult iar, Func`2 endFunction, Action`1 endAction, Task`1 promise, Boolean requiresSynchronization)
      --- End of stack trace from previous location ---
         at PizzaSatinAlmaYonetimi.Web.Services.SatinAlmaTalebiService.InceleAsync(Int32 uid, TalepIncelemeModel m, CancellationToken ct) in C:\Users\Gaming\Documents\GitHub\PizzaSatinAlmaYonetimi\SourceCode\PizzaSatinAlmaYonetimi.Web\Services\SatinAlmaTalebiService.cs:line 33
         at PizzaSatinAlmaYonetimi.Web.Services.SatinAlmaTalebiService.InceleAsync(Int32 uid, TalepIncelemeModel m, CancellationToken ct) in C:\Users\Gaming\Documents\GitHub\PizzaSatinAlmaYonetimi\SourceCode\PizzaSatinAlmaYonetimi.Web\Services\SatinAlmaTalebiService.cs:line 33
         at PizzaSatinAlmaYonetimi.Web.Services.SatinAlmaTalebiService.InceleAsync(Int32 uid, TalepIncelemeModel m, CancellationToken ct) in C:\Users\Gaming\Documents\GitHub\PizzaSatinAlmaYonetimi\SourceCode\PizzaSatinAlmaYonetimi.Web\Services\SatinAlmaTalebiService.cs:line 33
         at PizzaSatinAlmaYonetimi.Web.Controllers.SatinAlmaTalepleriController.Islem(Func`1 a, String b, String h) in C:\Users\Gaming\Documents\GitHub\PizzaSatinAlmaYonetimi\SourceCode\PizzaSatinAlmaYonetimi.Web\Controllers\SatinAlmaTalepleriController.cs:line 30
      ClientConnectionId:8affe9a7-ea09-4ac9-96eb-8b4d25ebbe1f
      Error Number:2812,State:62,Class:16
info: Microsoft.AspNetCore.Mvc.RedirectToActionResult[1]
      Executing RedirectResult, redirecting to /SatinAlmaTalepleri.
info: Microsoft.AspNetCore.Mvc.Infrastructure.ControllerActionInvoker[105]
      Executed action PizzaSatinAlmaYonetimi.Web.Controllers.SatinAlmaTalepleriController.Incele (PizzaSatinAlmaYonetimi.Web) in 29.5728ms
info: Microsoft.AspNetCore.Routing.EndpointMiddleware[1]
      Executed endpoint 'PizzaSatinAlmaYonetimi.Web.Controllers.SatinAlmaTalepleriController.Incele (PizzaSatinAlmaYonetimi.Web)'
info: Microsoft.AspNetCore.Hosting.Diagnostics[2]
      Request finished HTTP/1.1 POST http://127.0.0.1:5127/SatinAlmaTalepleri/Incele - 302 0 - 33.3948ms
info: Microsoft.AspNetCore.Hosting.Diagnostics[1]
      Request starting HTTP/1.1 GET http://127.0.0.1:5127/SatinAlmaTalepleri - application/x-www-form-urlencoded -
info: Microsoft.AspNetCore.Routing.EndpointMiddleware[0]
      Executing endpoint 'PizzaSatinAlmaYonetimi.Web.Controllers.SatinAlmaTalepleriController.Index (PizzaSatinAlmaYonetimi.Web)'
info: Microsoft.AspNetCore.Mvc.Infrastructure.ControllerActionInvoker[102]
      Route matched with {action = "Index", controller = "SatinAlmaTalepleri"}. Executing controller action with signature System.Threading.Tasks.Task`1[Microsoft.AspNetCore.Mvc.IActionResult] Index(PizzaSatinAlmaYonetimi.Web.Models.TalepFiltreModel, System.String, System.String, System.String, System.Threading.CancellationToken) on controller PizzaSatinAlmaYonetimi.Web.Controllers.SatinAlmaTalepleriController (PizzaSatinAlmaYonetimi.Web).
info: Microsoft.AspNetCore.Mvc.ViewFeatures.ViewResultExecutor[1]
      Executing ViewResult, running view Index.
info: Microsoft.AspNetCore.Mvc.ViewFeatures.ViewResultExecutor[4]
      Executed ViewResult - view Index executed in 3.8686ms.
info: Microsoft.AspNetCore.Mvc.Infrastructure.ControllerActionInvoker[105]
      Executed action PizzaSatinAlmaYonetimi.Web.Controllers.SatinAlmaTalepleriController.Index (PizzaSatinAlmaYonetimi.Web) in 6.435ms
info: Microsoft.AspNetCore.Routing.EndpointMiddleware[1]
      Executed endpoint 'PizzaSatinAlmaYonetimi.Web.Controllers.SatinAlmaTalepleriController.Index (PizzaSatinAlmaYonetimi.Web)'
info: Microsoft.AspNetCore.Hosting.Diagnostics[2]
      Request finished HTTP/1.1 GET http://127.0.0.1:5127/SatinAlmaTalepleri - 200 - text/html;+charset=utf-8 6.8155ms
info: Microsoft.AspNetCore.Hosting.Diagnostics[1]
      Request starting HTTP/1.1 GET http://127.0.0.1:5127/Giris - - -
info: Microsoft.AspNetCore.Routing.EndpointMiddleware[0]
      Executing endpoint 'PizzaSatinAlmaYonetimi.Web.Controllers.GirisController.Index (PizzaSatinAlmaYonetimi.Web)'
info: Microsoft.AspNetCore.Mvc.Infrastructure.ControllerActionInvoker[102]
      Route matched with {action = "Index", controller = "Giris"}. Executing controller action with signature Microsoft.AspNetCore.Mvc.IActionResult Index() on controller PizzaSatinAlmaYonetimi.Web.Controllers.GirisController (PizzaSatinAlmaYonetimi.Web).
info: Microsoft.AspNetCore.Mvc.ViewFeatures.ViewResultExecutor[1]
      Executing ViewResult, running view Index.
info: Microsoft.AspNetCore.Mvc.ViewFeatures.ViewResultExecutor[4]
      Executed ViewResult - view Index executed in 1.595ms.
info: Microsoft.AspNetCore.Mvc.Infrastructure.ControllerActionInvoker[105]
      Executed action PizzaSatinAlmaYonetimi.Web.Controllers.GirisController.Index (PizzaSatinAlmaYonetimi.Web) in 2.1562ms
info: Microsoft.AspNetCore.Routing.EndpointMiddleware[1]
      Executed endpoint 'PizzaSatinAlmaYonetimi.Web.Controllers.GirisController.Index (PizzaSatinAlmaYonetimi.Web)'
info: Microsoft.AspNetCore.Hosting.Diagnostics[2]
      Request finished HTTP/1.1 GET http://127.0.0.1:5127/Giris - 200 - text/html;+charset=utf-8 2.5890ms
info: Microsoft.AspNetCore.Hosting.Diagnostics[1]
      Request starting HTTP/1.1 POST http://127.0.0.1:5127/Giris - application/x-www-form-urlencoded 220
info: Microsoft.AspNetCore.Routing.EndpointMiddleware[0]
      Executing endpoint 'PizzaSatinAlmaYonetimi.Web.Controllers.GirisController.Index (PizzaSatinAlmaYonetimi.Web)'
info: Microsoft.AspNetCore.Mvc.Infrastructure.ControllerActionInvoker[102]
      Route matched with {action = "Index", controller = "Giris"}. Executing controller action with signature System.Threading.Tasks.Task`1[Microsoft.AspNetCore.Mvc.IActionResult] Index(PizzaSatinAlmaYonetimi.Web.Models.GirisViewModel, System.Threading.CancellationToken) on controller PizzaSatinAlmaYonetimi.Web.Controllers.GirisController (PizzaSatinAlmaYonetimi.Web).
info: Microsoft.AspNetCore.Authentication.Cookies.CookieAuthenticationHandler[10]
      AuthenticationScheme: Cookies signed in.
info: Microsoft.AspNetCore.Mvc.RedirectToActionResult[1]
      Executing RedirectResult, redirecting to /Dashboard.
info: Microsoft.AspNetCore.Mvc.Infrastructure.ControllerActionInvoker[105]
      Executed action PizzaSatinAlmaYonetimi.Web.Controllers.GirisController.Index (PizzaSatinAlmaYonetimi.Web) in 90.9342ms
info: Microsoft.AspNetCore.Routing.EndpointMiddleware[1]
      Executed endpoint 'PizzaSatinAlmaYonetimi.Web.Controllers.GirisController.Index (PizzaSatinAlmaYonetimi.Web)'
info: Microsoft.AspNetCore.Hosting.Diagnostics[2]
      Request finished HTTP/1.1 POST http://127.0.0.1:5127/Giris - 302 0 - 91.3113ms
info: Microsoft.AspNetCore.Hosting.Diagnostics[1]
      Request starting HTTP/1.1 GET http://127.0.0.1:5127/Dashboard - application/x-www-form-urlencoded -
info: Microsoft.AspNetCore.Routing.EndpointMiddleware[0]
      Executing endpoint 'PizzaSatinAlmaYonetimi.Web.Controllers.DashboardController.Index (PizzaSatinAlmaYonetimi.Web)'
info: Microsoft.AspNetCore.Mvc.Infrastructure.ControllerActionInvoker[102]
      Route matched with {action = "Index", controller = "Dashboard"}. Executing controller action with signature System.Threading.Tasks.Task`1[Microsoft.AspNetCore.Mvc.IActionResult] Index(System.Threading.CancellationToken) on controller PizzaSatinAlmaYonetimi.Web.Controllers.DashboardController (PizzaSatinAlmaYonetimi.Web).
info: Microsoft.AspNetCore.Mvc.ViewFeatures.ViewResultExecutor[1]
      Executing ViewResult, running view Index.
info: Microsoft.AspNetCore.Mvc.ViewFeatures.ViewResultExecutor[4]
      Executed ViewResult - view Index executed in 1.1321ms.
info: Microsoft.AspNetCore.Mvc.Infrastructure.ControllerActionInvoker[105]
      Executed action PizzaSatinAlmaYonetimi.Web.Controllers.DashboardController.Index (PizzaSatinAlmaYonetimi.Web) in 23.4243ms
info: Microsoft.AspNetCore.Routing.EndpointMiddleware[1]
      Executed endpoint 'PizzaSatinAlmaYonetimi.Web.Controllers.DashboardController.Index (PizzaSatinAlmaYonetimi.Web)'
info: Microsoft.AspNetCore.Hosting.Diagnostics[2]
      Request finished HTTP/1.1 GET http://127.0.0.1:5127/Dashboard - 200 - text/html;+charset=utf-8 23.8553ms
info: Microsoft.AspNetCore.Hosting.Diagnostics[1]
      Request starting HTTP/1.1 GET http://127.0.0.1:5127/SatinAlmaTalepleri?panel=incele&inceleNo=ST0020 - - -
info: Microsoft.AspNetCore.Routing.EndpointMiddleware[0]
      Executing endpoint 'PizzaSatinAlmaYonetimi.Web.Controllers.SatinAlmaTalepleriController.Index (PizzaSatinAlmaYonetimi.Web)'
info: Microsoft.AspNetCore.Mvc.Infrastructure.ControllerActionInvoker[102]
      Route matched with {action = "Index", controller = "SatinAlmaTalepleri"}. Executing controller action with signature System.Threading.Tasks.Task`1[Microsoft.AspNetCore.Mvc.IActionResult] Index(PizzaSatinAlmaYonetimi.Web.Models.TalepFiltreModel, System.String, System.String, System.String, System.Threading.CancellationToken) on controller PizzaSatinAlmaYonetimi.Web.Controllers.SatinAlmaTalepleriController (PizzaSatinAlmaYonetimi.Web).
info: Microsoft.AspNetCore.Mvc.ViewFeatures.ViewResultExecutor[1]
      Executing ViewResult, running view Index.
info: Microsoft.AspNetCore.Mvc.ViewFeatures.ViewResultExecutor[4]
      Executed ViewResult - view Index executed in 4.3023ms.
info: Microsoft.AspNetCore.Mvc.Infrastructure.ControllerActionInvoker[105]
      Executed action PizzaSatinAlmaYonetimi.Web.Controllers.SatinAlmaTalepleriController.Index (PizzaSatinAlmaYonetimi.Web) in 10.7193ms
info: Microsoft.AspNetCore.Routing.EndpointMiddleware[1]
      Executed endpoint 'PizzaSatinAlmaYonetimi.Web.Controllers.SatinAlmaTalepleriController.Index (PizzaSatinAlmaYonetimi.Web)'
info: Microsoft.AspNetCore.Hosting.Diagnostics[2]
      Request finished HTTP/1.1 GET http://127.0.0.1:5127/SatinAlmaTalepleri?panel=incele&inceleNo=ST0020 - 200 - text/html;+charset=utf-8 11.1549ms
info: Microsoft.AspNetCore.Hosting.Diagnostics[1]
      Request starting HTTP/1.1 POST http://127.0.0.1:5127/SatinAlmaTalepleri/Incele - application/x-www-form-urlencoded 309
info: Microsoft.AspNetCore.Routing.EndpointMiddleware[0]
      Executing endpoint 'PizzaSatinAlmaYonetimi.Web.Controllers.SatinAlmaTalepleriController.Incele (PizzaSatinAlmaYonetimi.Web)'
info: Microsoft.AspNetCore.Mvc.Infrastructure.ControllerActionInvoker[102]
      Route matched with {action = "Incele", controller = "SatinAlmaTalepleri"}. Executing controller action with signature System.Threading.Tasks.Task`1[Microsoft.AspNetCore.Mvc.IActionResult] Incele(PizzaSatinAlmaYonetimi.Web.Models.TalepIncelemeModel, System.Threading.CancellationToken) on controller PizzaSatinAlmaYonetimi.Web.Controllers.SatinAlmaTalepleriController (PizzaSatinAlmaYonetimi.Web).
fail: PizzaSatinAlmaYonetimi.Web.Controllers.SatinAlmaTalepleriController[0]
      Talep incelenemedi.
      Microsoft.Data.SqlClient.SqlException (0x80131904): Talep bulunamadı.
         at Microsoft.Data.SqlClient.SqlConnection.OnError(SqlException exception, Boolean breakConnection, Action`1 wrapCloseInAction)
         at Microsoft.Data.SqlClient.SqlInternalConnection.OnError(SqlException exception, Boolean breakConnection, Action`1 wrapCloseInAction)
         at Microsoft.Data.SqlClient.TdsParser.ThrowExceptionAndWarning(TdsParserStateObject stateObj, SqlCommand command, Boolean callerHasConnectionLock, Boolean asyncClose)
         at Microsoft.Data.SqlClient.TdsParser.TryRun(RunBehavior runBehavior, SqlCommand cmdHandler, SqlDataReader dataStream, BulkCopySimpleResultSet bulkCopyHandler, TdsParserStateObject stateObj, Boolean& dataReady)
         at Microsoft.Data.SqlClient.SqlCommand.FinishExecuteReader(SqlDataReader ds, RunBehavior runBehavior, String resetOptionsString, Boolean isInternal, Boolean forDescribeParameterEncryption, Boolean shouldCacheForAlwaysEncrypted)
         at Microsoft.Data.SqlClient.SqlCommand.CompleteAsyncExecuteReader(Boolean isInternal, Boolean forDescribeParameterEncryption)
         at Microsoft.Data.SqlClient.SqlCommand.InternalEndExecuteNonQuery(IAsyncResult asyncResult, Boolean isInternal, String endMethod)
         at Microsoft.Data.SqlClient.SqlCommand.EndExecuteNonQueryInternal(IAsyncResult asyncResult)
         at Microsoft.Data.SqlClient.SqlCommand.EndExecuteNonQueryAsync(IAsyncResult asyncResult)
         at Microsoft.Data.SqlClient.SqlCommand.<>c.<InternalExecuteNonQueryAsync>b__193_1(IAsyncResult asyncResult)
         at System.Threading.Tasks.TaskFactory`1.FromAsyncCoreLogic(IAsyncResult iar, Func`2 endFunction, Action`1 endAction, Task`1 promise, Boolean requiresSynchronization)
      --- End of stack trace from previous location ---
         at PizzaSatinAlmaYonetimi.Web.Services.SatinAlmaTalebiService.InceleAsync(Int32 uid, TalepIncelemeModel m, CancellationToken ct) in C:\Users\Gaming\Documents\GitHub\PizzaSatinAlmaYonetimi\SourceCode\PizzaSatinAlmaYonetimi.Web\Services\SatinAlmaTalebiService.cs:line 33
         at PizzaSatinAlmaYonetimi.Web.Services.SatinAlmaTalebiService.InceleAsync(Int32 uid, TalepIncelemeModel m, CancellationToken ct) in C:\Users\Gaming\Documents\GitHub\PizzaSatinAlmaYonetimi\SourceCode\PizzaSatinAlmaYonetimi.Web\Services\SatinAlmaTalebiService.cs:line 33
         at PizzaSatinAlmaYonetimi.Web.Services.SatinAlmaTalebiService.InceleAsync(Int32 uid, TalepIncelemeModel m, CancellationToken ct) in C:\Users\Gaming\Documents\GitHub\PizzaSatinAlmaYonetimi\SourceCode\PizzaSatinAlmaYonetimi.Web\Services\SatinAlmaTalebiService.cs:line 33
         at PizzaSatinAlmaYonetimi.Web.Controllers.SatinAlmaTalepleriController.Islem(Func`1 a, String b, String h) in C:\Users\Gaming\Documents\GitHub\PizzaSatinAlmaYonetimi\SourceCode\PizzaSatinAlmaYonetimi.Web\Controllers\SatinAlmaTalepleriController.cs:line 30
      ClientConnectionId:8affe9a7-ea09-4ac9-96eb-8b4d25ebbe1f
      Error Number:50005,State:1,Class:16
info: Microsoft.AspNetCore.Mvc.RedirectToActionResult[1]
      Executing RedirectResult, redirecting to /SatinAlmaTalepleri.
info: Microsoft.AspNetCore.Mvc.Infrastructure.ControllerActionInvoker[105]
      Executed action PizzaSatinAlmaYonetimi.Web.Controllers.SatinAlmaTalepleriController.Incele (PizzaSatinAlmaYonetimi.Web) in 16.3794ms
info: Microsoft.AspNetCore.Routing.EndpointMiddleware[1]
      Executed endpoint 'PizzaSatinAlmaYonetimi.Web.Controllers.SatinAlmaTalepleriController.Incele (PizzaSatinAlmaYonetimi.Web)'
info: Microsoft.AspNetCore.Hosting.Diagnostics[2]
      Request finished HTTP/1.1 POST http://127.0.0.1:5127/SatinAlmaTalepleri/Incele - 302 0 - 17.4890ms
info: Microsoft.AspNetCore.Hosting.Diagnostics[1]
      Request starting HTTP/1.1 GET http://127.0.0.1:5127/SatinAlmaTalepleri - application/x-www-form-urlencoded -
info: Microsoft.AspNetCore.Routing.EndpointMiddleware[0]
      Executing endpoint 'PizzaSatinAlmaYonetimi.Web.Controllers.SatinAlmaTalepleriController.Index (PizzaSatinAlmaYonetimi.Web)'
info: Microsoft.AspNetCore.Mvc.Infrastructure.ControllerActionInvoker[102]
      Route matched with {action = "Index", controller = "SatinAlmaTalepleri"}. Executing controller action with signature System.Threading.Tasks.Task`1[Microsoft.AspNetCore.Mvc.IActionResult] Index(PizzaSatinAlmaYonetimi.Web.Models.TalepFiltreModel, System.String, System.String, System.String, System.Threading.CancellationToken) on controller PizzaSatinAlmaYonetimi.Web.Controllers.SatinAlmaTalepleriController (PizzaSatinAlmaYonetimi.Web).
info: Microsoft.AspNetCore.Mvc.ViewFeatures.ViewResultExecutor[1]
      Executing ViewResult, running view Index.
info: Microsoft.AspNetCore.Mvc.ViewFeatures.ViewResultExecutor[4]
      Executed ViewResult - view Index executed in 4.0193ms.
info: Microsoft.AspNetCore.Mvc.Infrastructure.ControllerActionInvoker[105]
      Executed action PizzaSatinAlmaYonetimi.Web.Controllers.SatinAlmaTalepleriController.Index (PizzaSatinAlmaYonetimi.Web) in 6.2215ms
info: Microsoft.AspNetCore.Routing.EndpointMiddleware[1]
      Executed endpoint 'PizzaSatinAlmaYonetimi.Web.Controllers.SatinAlmaTalepleriController.Index (PizzaSatinAlmaYonetimi.Web)'
info: Microsoft.AspNetCore.Hosting.Diagnostics[2]
      Request finished HTTP/1.1 GET http://127.0.0.1:5127/SatinAlmaTalepleri - 200 - text/html;+charset=utf-8 6.6318ms
info: Microsoft.AspNetCore.Hosting.Diagnostics[1]
      Request starting HTTP/1.1 GET http://127.0.0.1:5127/SatinAlmaTalepleri - - -
info: Microsoft.AspNetCore.Authorization.DefaultAuthorizationService[2]
      Authorization failed. These requirements were not met:
      DenyAnonymousAuthorizationRequirement: Requires an authenticated user.
info: Microsoft.AspNetCore.Authentication.Cookies.CookieAuthenticationHandler[12]
      AuthenticationScheme: Cookies was challenged.
info: Microsoft.AspNetCore.Hosting.Diagnostics[2]
      Request finished HTTP/1.1 GET http://127.0.0.1:5127/SatinAlmaTalepleri - 302 0 - 1.7910ms
info: Microsoft.AspNetCore.Hosting.Diagnostics[1]
      Request starting HTTP/1.1 GET http://127.0.0.1:5127/Giris?ReturnUrl=%2FSatinAlmaTalepleri - - -
info: Microsoft.AspNetCore.Routing.EndpointMiddleware[0]
      Executing endpoint 'PizzaSatinAlmaYonetimi.Web.Controllers.GirisController.Index (PizzaSatinAlmaYonetimi.Web)'
info: Microsoft.AspNetCore.Mvc.Infrastructure.ControllerActionInvoker[102]
      Route matched with {action = "Index", controller = "Giris"}. Executing controller action with signature Microsoft.AspNetCore.Mvc.IActionResult Index() on controller PizzaSatinAlmaYonetimi.Web.Controllers.GirisController (PizzaSatinAlmaYonetimi.Web).
info: Microsoft.AspNetCore.Mvc.ViewFeatures.ViewResultExecutor[1]
      Executing ViewResult, running view Index.
info: Microsoft.AspNetCore.Mvc.ViewFeatures.ViewResultExecutor[4]
      Executed ViewResult - view Index executed in 1.5662ms.
info: Microsoft.AspNetCore.Mvc.Infrastructure.ControllerActionInvoker[105]
      Executed action PizzaSatinAlmaYonetimi.Web.Controllers.GirisController.Index (PizzaSatinAlmaYonetimi.Web) in 1.6703ms
info: Microsoft.AspNetCore.Routing.EndpointMiddleware[1]
      Executed endpoint 'PizzaSatinAlmaYonetimi.Web.Controllers.GirisController.Index (PizzaSatinAlmaYonetimi.Web)'
info: Microsoft.AspNetCore.Hosting.Diagnostics[2]
      Request finished HTTP/1.1 GET http://127.0.0.1:5127/Giris?ReturnUrl=%2FSatinAlmaTalepleri - 200 - text/html;+charset=utf-8 1.9650ms
info: Microsoft.AspNetCore.Hosting.Diagnostics[1]
      Request starting HTTP/1.1 POST http://127.0.0.1:5127/SatinAlmaTalepleri/Incele - application/x-www-form-urlencoded 305
info: Microsoft.AspNetCore.Routing.EndpointMiddleware[0]
      Executing endpoint 'PizzaSatinAlmaYonetimi.Web.Controllers.SatinAlmaTalepleriController.Incele (PizzaSatinAlmaYonetimi.Web)'
info: Microsoft.AspNetCore.Mvc.Infrastructure.ControllerActionInvoker[102]
      Route matched with {action = "Incele", controller = "SatinAlmaTalepleri"}. Executing controller action with signature System.Threading.Tasks.Task`1[Microsoft.AspNetCore.Mvc.IActionResult] Incele(PizzaSatinAlmaYonetimi.Web.Models.TalepIncelemeModel, System.Threading.CancellationToken) on controller PizzaSatinAlmaYonetimi.Web.Controllers.SatinAlmaTalepleriController (PizzaSatinAlmaYonetimi.Web).
info: Microsoft.AspNetCore.Mvc.RedirectToActionResult[1]
      Executing RedirectResult, redirecting to /SatinAlmaTalepleri.
info: Microsoft.AspNetCore.Mvc.Infrastructure.ControllerActionInvoker[105]
      Executed action PizzaSatinAlmaYonetimi.Web.Controllers.SatinAlmaTalepleriController.Incele (PizzaSatinAlmaYonetimi.Web) in 10.4965ms
info: Microsoft.AspNetCore.Routing.EndpointMiddleware[1]
      Executed endpoint 'PizzaSatinAlmaYonetimi.Web.Controllers.SatinAlmaTalepleriController.Incele (PizzaSatinAlmaYonetimi.Web)'
info: Microsoft.AspNetCore.Hosting.Diagnostics[2]
      Request finished HTTP/1.1 POST http://127.0.0.1:5127/SatinAlmaTalepleri/Incele - 302 0 - 11.0195ms
info: Microsoft.AspNetCore.Hosting.Diagnostics[1]
      Request starting HTTP/1.1 GET http://127.0.0.1:5127/SatinAlmaTalepleri - - -
info: Microsoft.AspNetCore.Routing.EndpointMiddleware[0]
      Executing endpoint 'PizzaSatinAlmaYonetimi.Web.Controllers.SatinAlmaTalepleriController.Index (PizzaSatinAlmaYonetimi.Web)'
info: Microsoft.AspNetCore.Mvc.Infrastructure.ControllerActionInvoker[102]
      Route matched with {action = "Index", controller = "SatinAlmaTalepleri"}. Executing controller action with signature System.Threading.Tasks.Task`1[Microsoft.AspNetCore.Mvc.IActionResult] Index(PizzaSatinAlmaYonetimi.Web.Models.TalepFiltreModel, System.String, System.String, System.String, System.Threading.CancellationToken) on controller PizzaSatinAlmaYonetimi.Web.Controllers.SatinAlmaTalepleriController (PizzaSatinAlmaYonetimi.Web).
info: Microsoft.AspNetCore.Mvc.ViewFeatures.ViewResultExecutor[1]
      Executing ViewResult, running view Index.
info: Microsoft.AspNetCore.Mvc.ViewFeatures.ViewResultExecutor[4]
      Executed ViewResult - view Index executed in 2.5735ms.
info: Microsoft.AspNetCore.Mvc.Infrastructure.ControllerActionInvoker[105]
      Executed action PizzaSatinAlmaYonetimi.Web.Controllers.SatinAlmaTalepleriController.Index (PizzaSatinAlmaYonetimi.Web) in 7.4605ms
info: Microsoft.AspNetCore.Routing.EndpointMiddleware[1]
      Executed endpoint 'PizzaSatinAlmaYonetimi.Web.Controllers.SatinAlmaTalepleriController.Index (PizzaSatinAlmaYonetimi.Web)'
info: Microsoft.AspNetCore.Hosting.Diagnostics[2]
      Request finished HTTP/1.1 GET http://127.0.0.1:5127/SatinAlmaTalepleri - 200 - text/html;+charset=utf-8 7.8231ms
